Archive member included because of file (symbol)

/usr/lib/gcc/avr/4.8.2/avr25/libgcc.a(_udivmodhi4.o)
                              ./main.o (__udivmodhi4)
/usr/lib/gcc/avr/4.8.2/avr25/libgcc.a(_divmodsi4.o)
                              ./main.o (__divmodsi4)
/usr/lib/gcc/avr/4.8.2/avr25/libgcc.a(_negsi2.o)
                              /usr/lib/gcc/avr/4.8.2/avr25/libgcc.a(_divmodsi4.o) (__negsi2)
/usr/lib/gcc/avr/4.8.2/avr25/libgcc.a(_exit.o)
                              /usr/lib/gcc/avr/4.8.2/../../../avr/lib/avr25/crttn84.o (exit)
/usr/lib/gcc/avr/4.8.2/avr25/libgcc.a(_copy_data.o)
                              ./main.o (__do_copy_data)
/usr/lib/gcc/avr/4.8.2/avr25/libgcc.a(_clear_bss.o)
                              ./main.o (__do_clear_bss)
/usr/lib/gcc/avr/4.8.2/avr25/libgcc.a(_adddi3_s8.o)
                              ./uart.o (__adddi3_s8)
/usr/lib/gcc/avr/4.8.2/avr25/libgcc.a(_udivmodsi4.o)
                              /usr/lib/gcc/avr/4.8.2/avr25/libgcc.a(_divmodsi4.o) (__udivmodsi4)
/usr/lib/gcc/avr/4.8.2/../../../avr/lib/avr25/libc.a(itoa.o)
                              ./uart.o (itoa)
/usr/lib/gcc/avr/4.8.2/../../../avr/lib/avr25/libc.a(eerd_byte_attiny84.o)
                              ./main.o (__eerd_byte_tn84)
/usr/lib/gcc/avr/4.8.2/../../../avr/lib/avr25/libc.a(eewr_byte_attiny84.o)
                              ./main.o (__eewr_byte_tn84)
/usr/lib/gcc/avr/4.8.2/../../../avr/lib/avr25/libc.a(strrev.o)
                              /usr/lib/gcc/avr/4.8.2/../../../avr/lib/avr25/libc.a(itoa.o) (strrev)

Allocating common symbols
Common symbol       size              file

bit_index           0x1               ./uart.o
data_in             0x5               ./main.o
_tx_buffer          0x1               ./uart.o
adc                 0x2               ./main.o
data_out            0x5               ./main.o
v_bat               0x8               ./main.o

Discarded input sections

 .bss           0x0000000000000000        0x0 /usr/lib/gcc/avr/4.8.2/../../../avr/lib/avr25/crttn84.o
 .text          0x0000000000000000        0x0 ./main.o
 .bss           0x0000000000000000        0x0 ./main.o
 .text          0x0000000000000000        0x0 ./mirf.o
 .bss           0x0000000000000000        0x0 ./mirf.o
 .text.mirf_data_ready
                0x0000000000000000       0x10 ./mirf.o
 .text.mirf_max_rt_reached
                0x0000000000000000       0x10 ./mirf.o
 .text.mirf_get_data
                0x0000000000000000       0x1e ./mirf.o
 .text.mirf_read_register
                0x0000000000000000       0x2e ./mirf.o
 .text          0x0000000000000000        0x0 ./spi.o
 .bss           0x0000000000000000        0x0 ./spi.o
 .text          0x0000000000000000        0x0 ./uart.o
 .bss           0x0000000000000000        0x0 ./uart.o
 .text.millis   0x0000000000000000       0x26 ./uart.o
 .bss.old_millis
                0x0000000000000000        0x8 ./uart.o
 .text          0x0000000000000000        0x0 /usr/lib/gcc/avr/4.8.2/avr25/libgcc.a(_udivmodhi4.o)
 .bss           0x0000000000000000        0x0 /usr/lib/gcc/avr/4.8.2/avr25/libgcc.a(_udivmodhi4.o)
 .text.libgcc.mul
                0x0000000000000000        0x0 /usr/lib/gcc/avr/4.8.2/avr25/libgcc.a(_udivmodhi4.o)
 .text.libgcc   0x0000000000000000        0x0 /usr/lib/gcc/avr/4.8.2/avr25/libgcc.a(_udivmodhi4.o)
 .text.libgcc.prologue
                0x0000000000000000        0x0 /usr/lib/gcc/avr/4.8.2/avr25/libgcc.a(_udivmodhi4.o)
 .text.libgcc.builtins
                0x0000000000000000        0x0 /usr/lib/gcc/avr/4.8.2/avr25/libgcc.a(_udivmodhi4.o)
 .text.libgcc.fmul
                0x0000000000000000        0x0 /usr/lib/gcc/avr/4.8.2/avr25/libgcc.a(_udivmodhi4.o)
 .text.libgcc.fixed
                0x0000000000000000        0x0 /usr/lib/gcc/avr/4.8.2/avr25/libgcc.a(_udivmodhi4.o)
 .text          0x0000000000000000        0x0 /usr/lib/gcc/avr/4.8.2/avr25/libgcc.a(_divmodsi4.o)
 .bss           0x0000000000000000        0x0 /usr/lib/gcc/avr/4.8.2/avr25/libgcc.a(_divmodsi4.o)
 .text.libgcc.mul
                0x0000000000000000        0x0 /usr/lib/gcc/avr/4.8.2/avr25/libgcc.a(_divmodsi4.o)
 .text.libgcc   0x0000000000000000        0x0 /usr/lib/gcc/avr/4.8.2/avr25/libgcc.a(_divmodsi4.o)
 .text.libgcc.prologue
                0x0000000000000000        0x0 /usr/lib/gcc/avr/4.8.2/avr25/libgcc.a(_divmodsi4.o)
 .text.libgcc.builtins
                0x0000000000000000        0x0 /usr/lib/gcc/avr/4.8.2/avr25/libgcc.a(_divmodsi4.o)
 .text.libgcc.fmul
                0x0000000000000000        0x0 /usr/lib/gcc/avr/4.8.2/avr25/libgcc.a(_divmodsi4.o)
 .text.libgcc.fixed
                0x0000000000000000        0x0 /usr/lib/gcc/avr/4.8.2/avr25/libgcc.a(_divmodsi4.o)
 .text          0x0000000000000000        0x0 /usr/lib/gcc/avr/4.8.2/avr25/libgcc.a(_negsi2.o)
 .bss           0x0000000000000000        0x0 /usr/lib/gcc/avr/4.8.2/avr25/libgcc.a(_negsi2.o)
 .text.libgcc.mul
                0x0000000000000000        0x0 /usr/lib/gcc/avr/4.8.2/avr25/libgcc.a(_negsi2.o)
 .text.libgcc   0x0000000000000000        0x0 /usr/lib/gcc/avr/4.8.2/avr25/libgcc.a(_negsi2.o)
 .text.libgcc.prologue
                0x0000000000000000        0x0 /usr/lib/gcc/avr/4.8.2/avr25/libgcc.a(_negsi2.o)
 .text.libgcc.builtins
                0x0000000000000000        0x0 /usr/lib/gcc/avr/4.8.2/avr25/libgcc.a(_negsi2.o)
 .text.libgcc.fmul
                0x0000000000000000        0x0 /usr/lib/gcc/avr/4.8.2/avr25/libgcc.a(_negsi2.o)
 .text.libgcc.fixed
                0x0000000000000000        0x0 /usr/lib/gcc/avr/4.8.2/avr25/libgcc.a(_negsi2.o)
 .text          0x0000000000000000        0x0 /usr/lib/gcc/avr/4.8.2/avr25/libgcc.a(_exit.o)
 .bss           0x0000000000000000        0x0 /usr/lib/gcc/avr/4.8.2/avr25/libgcc.a(_exit.o)
 .text.libgcc.mul
                0x0000000000000000        0x0 /usr/lib/gcc/avr/4.8.2/avr25/libgcc.a(_exit.o)
 .text.libgcc.div
                0x0000000000000000        0x0 /usr/lib/gcc/avr/4.8.2/avr25/libgcc.a(_exit.o)
 .text.libgcc   0x0000000000000000        0x0 /usr/lib/gcc/avr/4.8.2/avr25/libgcc.a(_exit.o)
 .text.libgcc.prologue
                0x0000000000000000        0x0 /usr/lib/gcc/avr/4.8.2/avr25/libgcc.a(_exit.o)
 .text.libgcc.builtins
                0x0000000000000000        0x0 /usr/lib/gcc/avr/4.8.2/avr25/libgcc.a(_exit.o)
 .text.libgcc.fmul
                0x0000000000000000        0x0 /usr/lib/gcc/avr/4.8.2/avr25/libgcc.a(_exit.o)
 .text.libgcc.fixed
                0x0000000000000000        0x0 /usr/lib/gcc/avr/4.8.2/avr25/libgcc.a(_exit.o)
 .text          0x0000000000000000        0x0 /usr/lib/gcc/avr/4.8.2/avr25/libgcc.a(_copy_data.o)
 .bss           0x0000000000000000        0x0 /usr/lib/gcc/avr/4.8.2/avr25/libgcc.a(_copy_data.o)
 .text.libgcc.mul
                0x0000000000000000        0x0 /usr/lib/gcc/avr/4.8.2/avr25/libgcc.a(_copy_data.o)
 .text.libgcc.div
                0x0000000000000000        0x0 /usr/lib/gcc/avr/4.8.2/avr25/libgcc.a(_copy_data.o)
 .text.libgcc   0x0000000000000000        0x0 /usr/lib/gcc/avr/4.8.2/avr25/libgcc.a(_copy_data.o)
 .text.libgcc.prologue
                0x0000000000000000        0x0 /usr/lib/gcc/avr/4.8.2/avr25/libgcc.a(_copy_data.o)
 .text.libgcc.builtins
                0x0000000000000000        0x0 /usr/lib/gcc/avr/4.8.2/avr25/libgcc.a(_copy_data.o)
 .text.libgcc.fmul
                0x0000000000000000        0x0 /usr/lib/gcc/avr/4.8.2/avr25/libgcc.a(_copy_data.o)
 .text.libgcc.fixed
                0x0000000000000000        0x0 /usr/lib/gcc/avr/4.8.2/avr25/libgcc.a(_copy_data.o)
 .text          0x0000000000000000        0x0 /usr/lib/gcc/avr/4.8.2/avr25/libgcc.a(_clear_bss.o)
 .bss           0x0000000000000000        0x0 /usr/lib/gcc/avr/4.8.2/avr25/libgcc.a(_clear_bss.o)
 .text.libgcc.mul
                0x0000000000000000        0x0 /usr/lib/gcc/avr/4.8.2/avr25/libgcc.a(_clear_bss.o)
 .text.libgcc.div
                0x0000000000000000        0x0 /usr/lib/gcc/avr/4.8.2/avr25/libgcc.a(_clear_bss.o)
 .text.libgcc   0x0000000000000000        0x0 /usr/lib/gcc/avr/4.8.2/avr25/libgcc.a(_clear_bss.o)
 .text.libgcc.prologue
                0x0000000000000000        0x0 /usr/lib/gcc/avr/4.8.2/avr25/libgcc.a(_clear_bss.o)
 .text.libgcc.builtins
                0x0000000000000000        0x0 /usr/lib/gcc/avr/4.8.2/avr25/libgcc.a(_clear_bss.o)
 .text.libgcc.fmul
                0x0000000000000000        0x0 /usr/lib/gcc/avr/4.8.2/avr25/libgcc.a(_clear_bss.o)
 .text.libgcc.fixed
                0x0000000000000000        0x0 /usr/lib/gcc/avr/4.8.2/avr25/libgcc.a(_clear_bss.o)
 .text          0x0000000000000000        0x0 /usr/lib/gcc/avr/4.8.2/avr25/libgcc.a(_adddi3_s8.o)
 .bss           0x0000000000000000        0x0 /usr/lib/gcc/avr/4.8.2/avr25/libgcc.a(_adddi3_s8.o)
 .text.libgcc.mul
                0x0000000000000000        0x0 /usr/lib/gcc/avr/4.8.2/avr25/libgcc.a(_adddi3_s8.o)
 .text.libgcc.div
                0x0000000000000000        0x0 /usr/lib/gcc/avr/4.8.2/avr25/libgcc.a(_adddi3_s8.o)
 .text.libgcc.prologue
                0x0000000000000000        0x0 /usr/lib/gcc/avr/4.8.2/avr25/libgcc.a(_adddi3_s8.o)
 .text.libgcc.builtins
                0x0000000000000000        0x0 /usr/lib/gcc/avr/4.8.2/avr25/libgcc.a(_adddi3_s8.o)
 .text.libgcc.fmul
                0x0000000000000000        0x0 /usr/lib/gcc/avr/4.8.2/avr25/libgcc.a(_adddi3_s8.o)
 .text.libgcc.fixed
                0x0000000000000000        0x0 /usr/lib/gcc/avr/4.8.2/avr25/libgcc.a(_adddi3_s8.o)
 .text          0x0000000000000000        0x0 /usr/lib/gcc/avr/4.8.2/avr25/libgcc.a(_udivmodsi4.o)
 .bss           0x0000000000000000        0x0 /usr/lib/gcc/avr/4.8.2/avr25/libgcc.a(_udivmodsi4.o)
 .text.libgcc.mul
                0x0000000000000000        0x0 /usr/lib/gcc/avr/4.8.2/avr25/libgcc.a(_udivmodsi4.o)
 .text.libgcc   0x0000000000000000        0x0 /usr/lib/gcc/avr/4.8.2/avr25/libgcc.a(_udivmodsi4.o)
 .text.libgcc.prologue
                0x0000000000000000        0x0 /usr/lib/gcc/avr/4.8.2/avr25/libgcc.a(_udivmodsi4.o)
 .text.libgcc.builtins
                0x0000000000000000        0x0 /usr/lib/gcc/avr/4.8.2/avr25/libgcc.a(_udivmodsi4.o)
 .text.libgcc.fmul
                0x0000000000000000        0x0 /usr/lib/gcc/avr/4.8.2/avr25/libgcc.a(_udivmodsi4.o)
 .text.libgcc.fixed
                0x0000000000000000        0x0 /usr/lib/gcc/avr/4.8.2/avr25/libgcc.a(_udivmodsi4.o)
 .text          0x0000000000000000        0x0 /usr/lib/gcc/avr/4.8.2/../../../avr/lib/avr25/libc.a(itoa.o)
 .bss           0x0000000000000000        0x0 /usr/lib/gcc/avr/4.8.2/../../../avr/lib/avr25/libc.a(itoa.o)
 .text          0x0000000000000000        0x0 /usr/lib/gcc/avr/4.8.2/../../../avr/lib/avr25/libc.a(eerd_byte_attiny84.o)
 .bss           0x0000000000000000        0x0 /usr/lib/gcc/avr/4.8.2/../../../avr/lib/avr25/libc.a(eerd_byte_attiny84.o)
 .text          0x0000000000000000        0x0 /usr/lib/gcc/avr/4.8.2/../../../avr/lib/avr25/libc.a(eewr_byte_attiny84.o)
 .bss           0x0000000000000000        0x0 /usr/lib/gcc/avr/4.8.2/../../../avr/lib/avr25/libc.a(eewr_byte_attiny84.o)
 .text          0x0000000000000000        0x0 /usr/lib/gcc/avr/4.8.2/../../../avr/lib/avr25/libc.a(strrev.o)
 .bss           0x0000000000000000        0x0 /usr/lib/gcc/avr/4.8.2/../../../avr/lib/avr25/libc.a(strrev.o)

↵
Speichereinrichtung
↵

Name             Ursprung           Länge             Eigenschaften
text             0x0000000000000000 0x0000000000002000 xr
data             0x0000000000800060 0x000000000000ffa0 rw !x
eeprom           0x0000000000810000 0x0000000000010000 rw !x
fuse             0x0000000000820000 0x0000000000000400 rw !x
lock             0x0000000000830000 0x0000000000000400 rw !x
signature        0x0000000000840000 0x0000000000000400 rw !x
user_signatures  0x0000000000850000 0x0000000000000400 rw !x
*default*        0x0000000000000000 0xffffffffffffffff

Linker script and memory map

LOAD /usr/lib/gcc/avr/4.8.2/../../../avr/lib/avr25/crttn84.o
LOAD ./main.o
LOAD ./mirf.o
LOAD ./spi.o
LOAD ./uart.o
LOAD /usr/lib/gcc/avr/4.8.2/avr25/libgcc.a
LOAD /usr/lib/gcc/avr/4.8.2/../../../avr/lib/avr25/libm.a
START GROUP
LOAD /usr/lib/gcc/avr/4.8.2/avr25/libgcc.a
LOAD /usr/lib/gcc/avr/4.8.2/../../../avr/lib/avr25/libm.a
LOAD /usr/lib/gcc/avr/4.8.2/../../../avr/lib/avr25/libc.a
END GROUP

.hash
 *(.hash)

.dynsym
 *(.dynsym)

.dynstr
 *(.dynstr)

.gnu.version
 *(.gnu.version)

.gnu.version_d
 *(.gnu.version_d)

.gnu.version_r
 *(.gnu.version_r)

.rel.init
 *(.rel.init)

.rela.init
 *(.rela.init)

.rel.text
 *(.rel.text)
 *(.rel.text.*)
 *(.rel.gnu.linkonce.t*)

.rela.text
 *(.rela.text)
 *(.rela.text.*)
 *(.rela.gnu.linkonce.t*)

.rel.fini
 *(.rel.fini)

.rela.fini
 *(.rela.fini)

.rel.rodata
 *(.rel.rodata)
 *(.rel.rodata.*)
 *(.rel.gnu.linkonce.r*)

.rela.rodata
 *(.rela.rodata)
 *(.rela.rodata.*)
 *(.rela.gnu.linkonce.r*)

.rel.data
 *(.rel.data)
 *(.rel.data.*)
 *(.rel.gnu.linkonce.d*)

.rela.data
 *(.rela.data)
 *(.rela.data.*)
 *(.rela.gnu.linkonce.d*)

.rel.ctors
 *(.rel.ctors)

.rela.ctors
 *(.rela.ctors)

.rel.dtors
 *(.rel.dtors)

.rela.dtors
 *(.rela.dtors)

.rel.got
 *(.rel.got)

.rela.got
 *(.rela.got)

.rel.bss
 *(.rel.bss)

.rela.bss
 *(.rela.bss)

.rel.plt
 *(.rel.plt)

.rela.plt
 *(.rela.plt)

.text           0x0000000000000000      0x7a4
 *(.vectors)
 .vectors       0x0000000000000000       0x22 /usr/lib/gcc/avr/4.8.2/../../../avr/lib/avr25/crttn84.o
                0x0000000000000000                __vectors
                0x0000000000000000                __vector_default
 *(.vectors)
 *(.progmem.gcc*)
 *(.progmem*)
                0x0000000000000022                . = ALIGN (0x2)
                0x0000000000000022                __trampolines_start = .
 *(.trampolines)
 .trampolines   0x0000000000000022        0x0 linker stubs
 *(.trampolines*)
                0x0000000000000022                __trampolines_end = .
 *(.jumptables)
 *(.jumptables*)
 *(.lowtext)
 *(.lowtext*)
                0x0000000000000022                __ctors_start = .
 *(.ctors)
                0x0000000000000022                __ctors_end = .
                0x0000000000000022                __dtors_start = .
 *(.dtors)
                0x0000000000000022                __dtors_end = .
 SORT(*)(.ctors)
 SORT(*)(.dtors)
 *(.init0)
 .init0         0x0000000000000022        0x0 /usr/lib/gcc/avr/4.8.2/../../../avr/lib/avr25/crttn84.o
                0x0000000000000022                __init
 *(.init0)
 *(.init1)
 *(.init1)
 *(.init2)
 .init2         0x0000000000000022        0xc /usr/lib/gcc/avr/4.8.2/../../../avr/lib/avr25/crttn84.o
 *(.init2)
 *(.init3)
 *(.init3)
 *(.init4)
 .init4         0x000000000000002e       0x16 /usr/lib/gcc/avr/4.8.2/avr25/libgcc.a(_copy_data.o)
                0x000000000000002e                __do_copy_data
 .init4         0x0000000000000044       0x10 /usr/lib/gcc/avr/4.8.2/avr25/libgcc.a(_clear_bss.o)
                0x0000000000000044                __do_clear_bss
 *(.init4)
 *(.init5)
 *(.init5)
 *(.init6)
 *(.init6)
 *(.init7)
 *(.init7)
 *(.init8)
 *(.init8)
 *(.init9)
 .init9         0x0000000000000054        0x4 /usr/lib/gcc/avr/4.8.2/../../../avr/lib/avr25/crttn84.o
 *(.init9)
 *(.text)
 .text          0x0000000000000058        0x2 /usr/lib/gcc/avr/4.8.2/../../../avr/lib/avr25/crttn84.o
                0x0000000000000058                __vector_1
                0x0000000000000058                __vector_12
                0x0000000000000058                __bad_interrupt
                0x0000000000000058                __vector_6
                0x0000000000000058                __vector_3
                0x0000000000000058                __vector_11
                0x0000000000000058                __vector_13
                0x0000000000000058                __vector_7
                0x0000000000000058                __vector_5
                0x0000000000000058                __vector_15
                0x0000000000000058                __vector_8
                0x0000000000000058                __vector_14
                0x0000000000000058                __vector_10
                0x0000000000000058                __vector_16
                0x000000000000005a                . = ALIGN (0x2)
 *(.text.*)
 .text.__vector_2
                0x000000000000005a       0x14 ./main.o
                0x000000000000005a                __vector_2
 .text.__vector_4
                0x000000000000006e       0x24 ./main.o
                0x000000000000006e                __vector_4
 .text.resetWatchdog
                0x0000000000000092        0xe ./main.o
                0x0000000000000092                resetWatchdog
 .text.setup    0x00000000000000a0       0x44 ./main.o
                0x00000000000000a0                setup
 .text.adc_init
                0x00000000000000e4        0xc ./main.o
                0x00000000000000e4                adc_init
 .text.goToSleep
                0x00000000000000f0       0x20 ./main.o
                0x00000000000000f0                goToSleep
 .text.startup.main
                0x0000000000000110      0x186 ./main.o
                0x0000000000000110                main
 .text.mirf_init
                0x0000000000000296        0xa ./mirf.o
                0x0000000000000296                mirf_init
 .text.mirf_status
                0x00000000000002a0        0xe ./mirf.o
                0x00000000000002a0                mirf_status
 .text.mirf_config_register
                0x00000000000002ae       0x24 ./mirf.o
                0x00000000000002ae                mirf_config_register
 .text.mirf_write_register
                0x00000000000002d2       0x30 ./mirf.o
                0x00000000000002d2                mirf_write_register
 .text.mirf_config
                0x0000000000000302       0x42 ./mirf.o
                0x0000000000000302                mirf_config
 .text.mirf_reconfig_rx
                0x0000000000000344       0x2a ./mirf.o
                0x0000000000000344                mirf_reconfig_rx
 .text.mirf_transmit_data
                0x000000000000036e       0x76 ./mirf.o
                0x000000000000036e                mirf_transmit_data
 .text.mirf_receive_data
                0x00000000000003e4       0x5a ./mirf.o
                0x00000000000003e4                mirf_receive_data
 .text.spi_transfer
                0x000000000000043e       0x14 ./spi.o
                0x000000000000043e                spi_transfer
 .text.spi_write_data
                0x0000000000000452       0x38 ./spi.o
                0x0000000000000452                spi_write_data
 .text.spi_read_data
                0x000000000000048a       0x3a ./spi.o
                0x000000000000048a                spi_read_data
 .text.spi_init
                0x00000000000004c4        0xa ./spi.o
                0x00000000000004c4                spi_init
 .text.__vector_9
                0x00000000000004ce       0xfa ./uart.o
                0x00000000000004ce                __vector_9
 .text.serial_write
                0x00000000000005c8       0x18 ./uart.o
                0x00000000000005c8                serial_write
 .text.serial_print
                0x00000000000005e0       0x24 ./uart.o
                0x00000000000005e0                serial_print
 .text.serial_print_int
                0x0000000000000604       0x38 ./uart.o
                0x0000000000000604                serial_print_int
 .text.uart_init
                0x000000000000063c       0x1e ./uart.o
                0x000000000000063c                uart_init
 .text.libgcc.div
                0x000000000000065a       0x28 /usr/lib/gcc/avr/4.8.2/avr25/libgcc.a(_udivmodhi4.o)
                0x000000000000065a                __udivmodhi4
 .text.libgcc.div
                0x0000000000000682       0x28 /usr/lib/gcc/avr/4.8.2/avr25/libgcc.a(_divmodsi4.o)
                0x0000000000000682                __divmodsi4
 .text.libgcc.div
                0x00000000000006aa       0x10 /usr/lib/gcc/avr/4.8.2/avr25/libgcc.a(_negsi2.o)
                0x00000000000006aa                __negsi2
 .text.libgcc   0x00000000000006ba       0x18 /usr/lib/gcc/avr/4.8.2/avr25/libgcc.a(_adddi3_s8.o)
                0x00000000000006ba                __adddi3_s8
 .text.libgcc.div
                0x00000000000006d2       0x44 /usr/lib/gcc/avr/4.8.2/avr25/libgcc.a(_udivmodsi4.o)
                0x00000000000006d2                __udivmodsi4
 .text.avr-libc
                0x0000000000000716       0x3e /usr/lib/gcc/avr/4.8.2/../../../avr/lib/avr25/libc.a(itoa.o)
                0x0000000000000716                itoa
 .text.avr-libc
                0x0000000000000754       0x10 /usr/lib/gcc/avr/4.8.2/../../../avr/lib/avr25/libc.a(eerd_byte_attiny84.o)
                0x0000000000000754                __eerd_byte_tn84
 .text.avr-libc
                0x0000000000000764       0x1c /usr/lib/gcc/avr/4.8.2/../../../avr/lib/avr25/libc.a(eewr_byte_attiny84.o)
                0x0000000000000764                __eewr_byte_tn84
                0x0000000000000766                __eewr_r18_tn84
 .text.avr-libc
                0x0000000000000780       0x20 /usr/lib/gcc/avr/4.8.2/../../../avr/lib/avr25/libc.a(strrev.o)
                0x0000000000000780                strrev
                0x00000000000007a0                . = ALIGN (0x2)
 *(.fini9)
 .fini9         0x00000000000007a0        0x0 /usr/lib/gcc/avr/4.8.2/avr25/libgcc.a(_exit.o)
                0x00000000000007a0                exit
                0x00000000000007a0                _exit
 *(.fini9)
 *(.fini8)
 *(.fini8)
 *(.fini7)
 *(.fini7)
 *(.fini6)
 *(.fini6)
 *(.fini5)
 *(.fini5)
 *(.fini4)
 *(.fini4)
 *(.fini3)
 *(.fini3)
 *(.fini2)
 *(.fini2)
 *(.fini1)
 *(.fini1)
 *(.fini0)
 .fini0         0x00000000000007a0        0x4 /usr/lib/gcc/avr/4.8.2/avr25/libgcc.a(_exit.o)
 *(.fini0)
                0x00000000000007a4                _etext = .

.data           0x0000000000800060       0x3e load address 0x00000000000007a4
                0x0000000000800060                PROVIDE (__data_start, .)
 *(.data)
 .data          0x0000000000800060        0x0 /usr/lib/gcc/avr/4.8.2/../../../avr/lib/avr25/crttn84.o
 .data          0x0000000000800060        0x0 ./main.o
 .data          0x0000000000800060        0x0 ./mirf.o
 .data          0x0000000000800060        0x0 ./spi.o
 .data          0x0000000000800060        0x0 ./uart.o
 .data          0x0000000000800060        0x0 /usr/lib/gcc/avr/4.8.2/avr25/libgcc.a(_udivmodhi4.o)
 .data          0x0000000000800060        0x0 /usr/lib/gcc/avr/4.8.2/avr25/libgcc.a(_divmodsi4.o)
 .data          0x0000000000800060        0x0 /usr/lib/gcc/avr/4.8.2/avr25/libgcc.a(_negsi2.o)
 .data          0x0000000000800060        0x0 /usr/lib/gcc/avr/4.8.2/avr25/libgcc.a(_exit.o)
 .data          0x0000000000800060        0x0 /usr/lib/gcc/avr/4.8.2/avr25/libgcc.a(_copy_data.o)
 .data          0x0000000000800060        0x0 /usr/lib/gcc/avr/4.8.2/avr25/libgcc.a(_clear_bss.o)
 .data          0x0000000000800060        0x0 /usr/lib/gcc/avr/4.8.2/avr25/libgcc.a(_adddi3_s8.o)
 .data          0x0000000000800060        0x0 /usr/lib/gcc/avr/4.8.2/avr25/libgcc.a(_udivmodsi4.o)
 .data          0x0000000000800060        0x0 /usr/lib/gcc/avr/4.8.2/../../../avr/lib/avr25/libc.a(itoa.o)
 .data          0x0000000000800060        0x0 /usr/lib/gcc/avr/4.8.2/../../../avr/lib/avr25/libc.a(eerd_byte_attiny84.o)
 .data          0x0000000000800060        0x0 /usr/lib/gcc/avr/4.8.2/../../../avr/lib/avr25/libc.a(eewr_byte_attiny84.o)
 .data          0x0000000000800060        0x0 /usr/lib/gcc/avr/4.8.2/../../../avr/lib/avr25/libc.a(strrev.o)
 *(.data*)
 *(.rodata)
 *(.rodata*)
 .rodata.str1.1
                0x0000000000800060       0x2b ./main.o
                                         0x32 (size before relaxing)
 .rodata.str1.1
                0x000000000080008b       0x12 ./mirf.o
 *(.gnu.linkonce.d*)
                0x000000000080009e                . = ALIGN (0x2)
 *fill*         0x000000000080009d        0x1 
                0x000000000080009e                _edata = .
                0x000000000080009e                PROVIDE (__data_end, .)

.bss            0x000000000080009e       0x21
                0x000000000080009e                PROVIDE (__bss_start, .)
 *(.bss)
 *(.bss*)
 .bss.tx_buzy   0x000000000080009e        0x1 ./uart.o
                0x000000000080009e                tx_buzy
 .bss._1000us   0x000000000080009f        0x2 ./uart.o
                0x000000000080009f                _1000us
 .bss._millis   0x00000000008000a1        0x8 ./uart.o
                0x00000000008000a1                _millis
 *(COMMON)
 COMMON         0x00000000008000a9       0x14 ./main.o
                0x00000000008000a9                data_in
                0x00000000008000ae                adc
                0x00000000008000b0                data_out
                0x00000000008000b5                v_bat
 COMMON         0x00000000008000bd        0x2 ./uart.o
                0x00000000008000bd                bit_index
                0x00000000008000be                _tx_buffer
                0x00000000008000bf                PROVIDE (__bss_end, .)
                0x00000000000007a4                __data_load_start = LOADADDR (.data)
                0x00000000000007e2                __data_load_end = (__data_load_start + SIZEOF (.data))

.noinit         0x00000000008000bf        0x0
                0x00000000008000bf                PROVIDE (__noinit_start, .)
 *(.noinit*)
                0x00000000008000bf                PROVIDE (__noinit_end, .)
                0x00000000008000bf                _end = .
                0x00000000008000bf                PROVIDE (__heap_start, .)

.eeprom         0x0000000000810000        0x0
 *(.eeprom*)
                0x0000000000810000                __eeprom_end = .

.fuse
 *(.fuse)
 *(.lfuse)
 *(.hfuse)
 *(.efuse)

.lock
 *(.lock*)

.signature
 *(.signature*)

.user_signatures
 *(.user_signatures*)

.stab           0x0000000000000000     0x2814
 *(.stab)
 .stab          0x0000000000000000      0x6cc /usr/lib/gcc/avr/4.8.2/../../../avr/lib/avr25/crttn84.o
 .stab          0x00000000000006cc      0xbac ./main.o
                                        0xbb8 (size before relaxing)
 .stab          0x0000000000001278      0x7a4 ./mirf.o
                                        0xb64 (size before relaxing)
 .stab          0x0000000000001a1c      0x438 ./spi.o
                                        0x5f4 (size before relaxing)
 .stab          0x0000000000001e54      0x5c4 ./uart.o
                                        0x834 (size before relaxing)
 .stab          0x0000000000002418      0x1b0 /usr/lib/gcc/avr/4.8.2/../../../avr/lib/avr25/libc.a(itoa.o)
                                        0x1bc (size before relaxing)
 .stab          0x00000000000025c8       0x90 /usr/lib/gcc/avr/4.8.2/../../../avr/lib/avr25/libc.a(eerd_byte_attiny84.o)
                                         0x9c (size before relaxing)
 .stab          0x0000000000002658       0xe4 /usr/lib/gcc/avr/4.8.2/../../../avr/lib/avr25/libc.a(eewr_byte_attiny84.o)
                                         0xf0 (size before relaxing)
 .stab          0x000000000000273c       0xd8 /usr/lib/gcc/avr/4.8.2/../../../avr/lib/avr25/libc.a(strrev.o)
                                         0xe4 (size before relaxing)

.stabstr        0x0000000000000000     0x147c
 *(.stabstr)
 .stabstr       0x0000000000000000     0x147c /usr/lib/gcc/avr/4.8.2/../../../avr/lib/avr25/crttn84.o

.stab.excl
 *(.stab.excl)

.stab.exclstr
 *(.stab.exclstr)

.stab.index
 *(.stab.index)

.stab.indexstr
 *(.stab.indexstr)

.comment        0x0000000000000000       0x11
 *(.comment)
 .comment       0x0000000000000000       0x11 ./main.o
                                         0x12 (size before relaxing)
 .comment       0x0000000000000000       0x12 ./mirf.o
 .comment       0x0000000000000000       0x12 ./spi.o
 .comment       0x0000000000000000       0x12 ./uart.o

.debug
 *(.debug)

.line
 *(.line)

.debug_srcinfo
 *(.debug_srcinfo)

.debug_sfnames
 *(.debug_sfnames)

.debug_aranges
 *(.debug_aranges)

.debug_pubnames
 *(.debug_pubnames)

.debug_info
 *(.debug_info)
 *(.gnu.linkonce.wi.*)

.debug_abbrev
 *(.debug_abbrev)

.debug_line
 *(.debug_line)

.debug_frame
 *(.debug_frame)

.debug_str
 *(.debug_str)

.debug_loc
 *(.debug_loc)

.debug_macinfo
 *(.debug_macinfo)

.debug_pubtypes
 *(.debug_pubtypes)

.debug_ranges
 *(.debug_ranges)

.debug_macro
 *(.debug_macro)
OUTPUT(rf24_window.elf elf32-avr)
LOAD linker stubs

Kreuzreferenz-Tabelle

Symbol                                            Datei
_1000us                                           ./uart.o
__adddi3_s8                                       /usr/lib/gcc/avr/4.8.2/avr25/libgcc.a(_adddi3_s8.o)
                                                  ./uart.o
__bad_interrupt                                   /usr/lib/gcc/avr/4.8.2/../../../avr/lib/avr25/crttn84.o
__bss_end                                         /usr/lib/gcc/avr/4.8.2/avr25/libgcc.a(_clear_bss.o)
__bss_start                                       /usr/lib/gcc/avr/4.8.2/avr25/libgcc.a(_clear_bss.o)
__data_end                                        /usr/lib/gcc/avr/4.8.2/avr25/libgcc.a(_copy_data.o)
__data_load_start                                 /usr/lib/gcc/avr/4.8.2/avr25/libgcc.a(_copy_data.o)
__data_start                                      /usr/lib/gcc/avr/4.8.2/avr25/libgcc.a(_copy_data.o)
__divmodsi4                                       /usr/lib/gcc/avr/4.8.2/avr25/libgcc.a(_divmodsi4.o)
                                                  ./main.o
__do_clear_bss                                    /usr/lib/gcc/avr/4.8.2/avr25/libgcc.a(_clear_bss.o)
                                                  ./uart.o
                                                  ./mirf.o
                                                  ./main.o
__do_copy_data                                    /usr/lib/gcc/avr/4.8.2/avr25/libgcc.a(_copy_data.o)
                                                  ./mirf.o
                                                  ./main.o
__eerd_byte_tn84                                  /usr/lib/gcc/avr/4.8.2/../../../avr/lib/avr25/libc.a(eerd_byte_attiny84.o)
                                                  ./main.o
__eewr_byte_tn84                                  /usr/lib/gcc/avr/4.8.2/../../../avr/lib/avr25/libc.a(eewr_byte_attiny84.o)
                                                  ./main.o
__eewr_r18_tn84                                   /usr/lib/gcc/avr/4.8.2/../../../avr/lib/avr25/libc.a(eewr_byte_attiny84.o)
__heap_end                                        /usr/lib/gcc/avr/4.8.2/../../../avr/lib/avr25/crttn84.o
__init                                            /usr/lib/gcc/avr/4.8.2/../../../avr/lib/avr25/crttn84.o
__negsi2                                          /usr/lib/gcc/avr/4.8.2/avr25/libgcc.a(_negsi2.o)
                                                  /usr/lib/gcc/avr/4.8.2/avr25/libgcc.a(_divmodsi4.o)
__stack                                           /usr/lib/gcc/avr/4.8.2/../../../avr/lib/avr25/crttn84.o
__udivmodhi4                                      /usr/lib/gcc/avr/4.8.2/avr25/libgcc.a(_udivmodhi4.o)
                                                  /usr/lib/gcc/avr/4.8.2/../../../avr/lib/avr25/libc.a(itoa.o)
                                                  ./main.o
__udivmodsi4                                      /usr/lib/gcc/avr/4.8.2/avr25/libgcc.a(_udivmodsi4.o)
                                                  /usr/lib/gcc/avr/4.8.2/avr25/libgcc.a(_divmodsi4.o)
__vector_1                                        /usr/lib/gcc/avr/4.8.2/../../../avr/lib/avr25/crttn84.o
__vector_10                                       /usr/lib/gcc/avr/4.8.2/../../../avr/lib/avr25/crttn84.o
__vector_11                                       /usr/lib/gcc/avr/4.8.2/../../../avr/lib/avr25/crttn84.o
__vector_12                                       /usr/lib/gcc/avr/4.8.2/../../../avr/lib/avr25/crttn84.o
__vector_13                                       /usr/lib/gcc/avr/4.8.2/../../../avr/lib/avr25/crttn84.o
__vector_14                                       /usr/lib/gcc/avr/4.8.2/../../../avr/lib/avr25/crttn84.o
__vector_15                                       /usr/lib/gcc/avr/4.8.2/../../../avr/lib/avr25/crttn84.o
__vector_16                                       /usr/lib/gcc/avr/4.8.2/../../../avr/lib/avr25/crttn84.o
__vector_2                                        ./main.o
                                                  /usr/lib/gcc/avr/4.8.2/../../../avr/lib/avr25/crttn84.o
__vector_3                                        /usr/lib/gcc/avr/4.8.2/../../../avr/lib/avr25/crttn84.o
__vector_4                                        ./main.o
                                                  /usr/lib/gcc/avr/4.8.2/../../../avr/lib/avr25/crttn84.o
__vector_5                                        /usr/lib/gcc/avr/4.8.2/../../../avr/lib/avr25/crttn84.o
__vector_6                                        /usr/lib/gcc/avr/4.8.2/../../../avr/lib/avr25/crttn84.o
__vector_7                                        /usr/lib/gcc/avr/4.8.2/../../../avr/lib/avr25/crttn84.o
__vector_8                                        /usr/lib/gcc/avr/4.8.2/../../../avr/lib/avr25/crttn84.o
__vector_9                                        ./uart.o
                                                  /usr/lib/gcc/avr/4.8.2/../../../avr/lib/avr25/crttn84.o
__vector_default                                  /usr/lib/gcc/avr/4.8.2/../../../avr/lib/avr25/crttn84.o
__vectors                                         /usr/lib/gcc/avr/4.8.2/../../../avr/lib/avr25/crttn84.o
_exit                                             /usr/lib/gcc/avr/4.8.2/avr25/libgcc.a(_exit.o)
_millis                                           ./uart.o
_tx_buffer                                        ./uart.o
adc                                               ./main.o
adc_init                                          ./main.o
bit_index                                         ./uart.o
data_in                                           ./mirf.o
                                                  ./main.o
data_out                                          ./mirf.o
                                                  ./main.o
exit                                              /usr/lib/gcc/avr/4.8.2/avr25/libgcc.a(_exit.o)
                                                  /usr/lib/gcc/avr/4.8.2/../../../avr/lib/avr25/crttn84.o
goToSleep                                         ./main.o
itoa                                              /usr/lib/gcc/avr/4.8.2/../../../avr/lib/avr25/libc.a(itoa.o)
                                                  ./uart.o
main                                              ./main.o
                                                  /usr/lib/gcc/avr/4.8.2/../../../avr/lib/avr25/crttn84.o
millis                                            ./uart.o
mirf_config                                       ./mirf.o
                                                  ./main.o
mirf_config_register                              ./mirf.o
                                                  ./main.o
mirf_data_ready                                   ./mirf.o
mirf_get_data                                     ./mirf.o
mirf_init                                         ./mirf.o
                                                  ./main.o
mirf_max_rt_reached                               ./mirf.o
mirf_read_register                                ./mirf.o
mirf_receive_data                                 ./mirf.o
                                                  ./main.o
mirf_reconfig_rx                                  ./mirf.o
                                                  ./main.o
mirf_status                                       ./mirf.o
                                                  ./main.o
mirf_transmit_data                                ./mirf.o
                                                  ./main.o
mirf_write_register                               ./mirf.o
old_millis                                        ./uart.o
resetWatchdog                                     ./main.o
serial_print                                      ./uart.o
                                                  ./main.o
serial_print_int                                  ./uart.o
                                                  ./main.o
serial_write                                      ./uart.o
setup                                             ./main.o
spi_init                                          ./spi.o
                                                  ./main.o
spi_read_data                                     ./spi.o
                                                  ./mirf.o
spi_transfer                                      ./spi.o
                                                  ./mirf.o
                                                  ./main.o
spi_write_data                                    ./spi.o
                                                  ./mirf.o
strrev                                            /usr/lib/gcc/avr/4.8.2/../../../avr/lib/avr25/libc.a(strrev.o)
                                                  /usr/lib/gcc/avr/4.8.2/../../../avr/lib/avr25/libc.a(itoa.o)
tx_buzy                                           ./uart.o
uart_init                                         ./uart.o
                                                  ./main.o
v_bat                                             ./main.o
